                                   NU11SIGNAL  AUTH OK  ▮  SIG ▂▄▆█  ▮  23:41:07
◢◤◢◤ ╱ PLAYLISTS ╱ ╱ SEARCH ╱ ╱ ◀ BACK ╱ ───────────────── NODE B8 // NU-GRID ──
╱─▮ ADD TO PLAYLIST ───────────────────────────┐ ╱─▯ NOW PLAYING ──────────────┐
│ ♪ DIGITAL LOVE · DAFT PUNK                   │ │ ▞ CATALOG FEED //… ▮ PLAYING│
│──────────────────────────────────────────────│ │                             │
│   + NEW PLAYLIST                             │ │ HOLLOW WIRE            [--] │
│▌▶ 089.7  NIGHT DRIVE                         │ │ FUSEWAY                     │
│   091.3  FUSEWAY                             │ │ LONG WIRE HYMNS             │
│                                              │ │                             │
│                                              │ │ ▮▮▮▮▯▯▯▯▯▯▯▯  01:23 / 03:45 │
│                                              │ │                             │
│                                              │ │ [◀◀] [❚❚] [▶▶] [↻ OFF]  [⤢] │
│                                              │ │ VOL [−] ▮▮▮▮▮▮▯▯▯▯ [+] 60%  │
│                                              │ │               ﾔ     ﾛ   ﾈ   │
│                                              │ │   ﾜ           ﾖ ｮ           │
│                                              │ │   ﾓ           ﾝ ｱ           │
│                                              │ │   ﾊ             ｾ           │
│                                              │ │                             │
│                                              │ │                             │
│                                              │ │                             │
│                                              │ │                             │
└──────────────────────────────── EDITABLE 02 ─╱ └────────────── SPECTRUM SIM ─╱
◢◤◢◤ FX OFF                                                                     
[ENTER] ADD  [↑↓] MOVE  [ESC] CANCEL  [SPACE] PLAY/PAUSE  [?] KEYS  [Q] QUIT