◢◤ NU11SIGNAL // NIGHT CITY RADIO              AUTH OK  ▮  SIG ▂▄▆█  ▮  23:41:07
▓▒░ ╱ PLAYLISTS ╱ ╱ SEARCH ╱ ╱ ◀ BACK ╱ ─────────── SEARCH // ADD TO PLAYLIST ──
╱─▮ ADD TO PLAYLIST ───────────────────────────┐ ╱─▯ NOW PLAYING ──────────────┐
│ ♪ DIGITAL LOVE · DAFT PUNK                   │ │ NOW PLAYING        ▮ PLAYING│
│──────────────────────────────────────────────│ │                             │
│   + NEW PLAYLIST                             │ │ CHIPPIN' IN            [--] │
│▌▶ 089.7  NIGHT DRIVE                         │ │ SAMURAI                     │
│   091.3  SAMURAI                             │ │ NEVER FADE AWAY             │
│                                              │ │                             │
│                                              │ │ ▮▮▮▮▯▯▯▯▯▯▯▯  01:23 / 03:45 │
│                                              │ │ ▞ CATALOG FEED // DIRECT    │
│                                              │ │                             │
│                                              │ │ [◀◀] [❚❚] [▶▶] [↻ OFF]  [⤢] │
│                                              │ │ VOL [−] ▮▮▮▮▮▮▯▯▯▯ [+] 60%  │
│                                              │ │               ﾔ     ﾛ   ﾈ   │
│                                              │ │   ﾜ           ﾖ ｮ           │
│                                              │ │   ﾓ           ﾝ ｱ           │
│                                              │ │   ﾊ             ｾ           │
│                                              │ │                             │
│                                              │ │                             │
│                                              │ │                             │
└──────────────────────────────── EDITABLE 02 ─╱ └────────────── SPECTRUM SIM ─╱
░▒▓ FX OFF                                                                      
[ENTER] ADD  [↑↓] MOVE  [ESC] CANCEL  [SPACE] PLAY/PAUSE  [?] KEYS  [Q] QUIT