◢◤ NU11SIGNAL // NIGHT CITY RADIO              AUTH OK  ▮  SIG ▂▄▆█  ▮  23:41:07
▓▒░ ╱ PLAYLISTS ╱ ╱ SEARCH ╱ ╱ ◀ BACK ╱ ──────────────────── RDO-77 // NC-NET ──
╱─▮ ADD TO PLAYLIST ───────────────────────────┐ ╱─▯ NOW PLAYING ──────────────┐
│ ♪ DIGITAL LOVE · DAFT PUNK                   │ │ NOW PLAYING        ▮ PLAYING│
│──────────────────────────────────────────────│ │                             │
│   + NEW PLAYLIST                             │ │ CHIPPIN' IN           ╱ ♡ ╱ │
│▌▶ 089.7  NIGHT DRIVE                         │ │ SAMURAI                     │
│   091.3  SAMURAI                             │ │ NEVER FADE AWAY             │
│                                              │ │                             │
│                                              │ │ ▮▮▮▮▯▯▯▯▯▯▯▯  01:23 / 03:45 │
│                                              │ │ ▞ CATALOG FEED // DIRECT    │
│                                              │ │                             │
│                                              │ │ ╱ ◀◀ ╱ ╱ ❚❚ ╱ ╱ ▶▶ ╱ ╱ ⤢ ╱  │
│                                              │ │ ╱ - ╱ VOL ▮▮▮▮▯▯  60% ╱ + ╱ │
│                                              │ │ ╱ ↻ LOOP OFF ╱              │
│                                              │ │               ﾔ     ﾛ   ﾈ   │
│                                              │ │   ﾜ           ﾖ ｮ           │
│                                              │ │   ﾓ           ﾝ ｱ           │
│                                              │ │   ﾊ             ｾ           │
│                                              │ │                             │
│                                              │ │                             │
└──────────────────────────────── EDITABLE 02 ─╱ └───────────── NC-NET 0x2077 ─╱
░▒▓ SYS NOMINAL // BUF 0x5EF6                                                   
[ENTER] ADD  [↑↓] MOVE  [ESC] CANCEL  [SPACE] PLAY/PAUSE  [Q] QUIT