◢◤ NU11SIGNAL // NIGHT CITY RADIO              AUTH OK  ▮  SIG ▂▄▆█  ▮  23:41:07
▓▒░ ╱ PLAYLISTS ╱ ╱ SEARCH ╱ ╱ ◀ BACK ╱ ──────────────────── RDO-77 // NC-NET ──
╱─▮ ARTIST ────────────────────────────────────┐ ╱─▯ NOW PLAYING ──────────────┐
│ DAFT PUNK  ELECTRONIC                        │ │ NOW PLAYING        ▮ PLAYING│
│──────────────────────────────────────────────│ │                             │
│ ▞ T O P   S O N G S                          │ │ CHIPPIN' IN                 │
│ ♪ ONE MORE TIME · DISCOVERY                  │ │ SAMURAI                     │
│▌♪ GET LUCKY · RANDOM ACCESS MEMORIES         │ │ NEVER FADE AWAY             │
│ ♪ AROUND THE WORLD · HOMEWORK                │ │                             │
│                                              │ │ ▮▮▮▮▯▯▯▯▯▯▯▯  01:23 / 03:45 │
│ ▞ E S S E N T I A L   A L B U M S            │ │ ▞ CATALOG FEED // DIRECT    │
│ ◈ DISCOVERY · 2001                           │ │                             │
│                                              │ │ ╱ ◀◀ ╱ ╱ ❚❚ ╱ ╱ ▶▶ ╱ ╱ ⤢ ╱  │
│ ▞ A L B U M S                                │ │ ╱ - ╱ VOL --          ╱ + ╱ │
│ ◈ DISCOVERY · 2001                           │ │                             │
│ ◈ HOMEWORK · 1997                            │ │ ▃           ▂               │
│                                              │ │ █   ▃   ▄   █ ▆   ▄   ▇   ▃ │
│ ▞ A R T I S T   P L A Y L I S T S            │ │ █ ▅ █ ▇ █   █ █ ▂ █   █ ▄ █ │
│ ≡ DAFT PUNK ESSENTIALS · APPLE MUSIC ELECTRON│ │ █ █ █ █ █   █ █ █ █ ▁ █ █ █ │
│                                              │ │ █ █ █ █ █ █ █ █ █ █ █ █ █ █ │
│ ▞ S I N G L E S   &   E P S                  │ │ █ █ █ █ █ █ █ █ █ █ █ █ █ █ │
└─────────────────────────────────── ITEMS 09 ─╱ └───────────── NC-NET 0x2077 ─╱
░▒▓ SYS NOMINAL // BUF 0x5EF6                                                   
[ENTER] SELECT/MORE  [↑↓] MOVE  [SPACE] PLAY/PAUSE  [ESC] BACK  [Q] QUIT