                                   NU11SIGNAL  LINKING  ▮  SIG ▂▄▆█  ▮  23:41:07
◢◤◢◤ ╱ PLAYLISTS ╱ ╱ SEARCH ╱ ──────────────────────────── NODE B8 // NC-GRID ──





                                  ⢀⣦⡀
                           ⢀⣴⣿⠿⠿⣿⣶⣿⠟
                           ⣾⡿⠁ ⢀⣼⣿⣷     N U 1 1
                          ⢸⣿⡇ ⣠⣿⠟⢹⣿⡇    S I G N A L
                          ⢸⣿⣇⣴⣿⠋ ⢸⣿⡇    ⣠⡾⠋⣠⡾⠋⣠⡾⠋⣠⡾⠋⣠⡾⠋
                           ⢿⣿⡟⠁ ⢀⣾⡿
                          ⣴⣿⠿⣿⣶⣶⣿⠟⠁
                         ⠈⠻⠁

                   B O O T I N G   N U 1 1 S I G N A L . . .





◢◤◢◤ FX OFF                                                                     
[ENTER] OPEN  [/] SCAN  [SPACE] PLAY  [→] PLAYER  [,/.] SEEK  [?] KEYS  [Q] QUIT