◢◤ NU11SIGNAL // NIGHT CITY RADIO    0B:72:70  AUTH OK  ▮  SIG ▂▄▆█  ▮  23▞41:42
▓▒░ ╱ PLAYLISTS ╱ ╱ SEARCH ╱ ─────────────────────────────── RDO-77 // NC-NET ──
   ╱─▮ PLAYLISTS ──────────87.16N 042.13W─────────┐ ╱─▯ NOW PLAYING ────────────
│   + NEW PLAYLIST                             │ │ NOW PLAYING        ▮ PLAYING│
│▌▶ 088.1  NIGHT DRIVE                         │ │                             │
│   089.7  SAMURAI                             │ │ CHIPPIN' IN           ╱ ♡ ╱ │
│   091.3  BODY HEAT                           │ │ SAMURAI                     │
│                                        ▒     │ │ NEVER FADE AWAY             │
│                                              │ │    0x5314                   │
│                                              │ │ ▮▮▮▮▮▮▯▯▯▯▯▯  01:58 / 03:45 │
│                ░                             │ │ ▞ CATALOG FEED // DIRECT    │
│                                              │ │                             │
│                                              │ │ ╱▒◀◀ ╱ ╱ ❚❚ ╱ ╱ ▶▶ ╱ ╱ ⤢ ╱  │
│              0xA6B1                          │ │ ╱ - ╱ VOL --          ╱ + ╱ │
│                                              │ │ ╱ ↻ LOOP OFF ╱           A  │
│                                              │ │                             │
│                              01011101        │ │ ▇             ▂             │
   │                                              │ │ █ ▃           █     ▂     
│                                              │ │ █ █ ▆ ▃ ▆     █   ▆ █ ▁ ▆ ▃ │
│                                              │ │ █ █ █ █ █ ▅ █ █ █ █ █ █ █ █ │
│               7     03.99N 044.49W           │ │ █ █ █ █ █ █ █ █ █ █ █ █ █ █ │
└────────────────0x7E5F───── BAND FM // 03 CH ─╱ └───────────── NC-NET 0x2077 ─╱
░▒▓ SYS NOMINAL // BUF 0x5EF6                                                   
  [ENTER] OPEN  [/] SCAN  [SPACE] PLAY/PAUSE  [→] PLAYER  [,/.] SEEK  [Q] QU