◢◤ NU11SIGNAL // NIGHT CITY RADIO    1         AUTH OK  ▮  SIG ▂▄▆█  ▮  23:41:42
▓▒░ ╱ PLAYLISTS ╱ ╱ SEARCH ╱ ─────────────────────────────── RDO-77 // NC-NET ──
╱─▮ PLAYLISTS ─────────────────────────────────┐ ╱─▯ NOW PLAYING ──────────────┐
│   + NEW PLAYLIST                             │ │ NOW PLAYING        ▮ PLAYING│
│▌▶ 088.1  NIGHT DRIVE                         │ │                             │
│   089.7  SAMURAI                             │ │ CHIPPIN' IN           ╱ ♡ ╱ │
 │   091.3  BODY HEAT                           │ │ SAMURAI                     
│                                              │ │ NEVER FADE AWAY             │
│                                              │ │                             │
│                                              │ │ ▮▮▮▮▮▮▯▯▯▯▯▯  01:58 / 03:45 │
│                                              │ │ ▞ CATALOG FEED // DIRECT    │
│                                              │ │                             │
│                                              │ │ ╱ ◀◀ ╱ ╱ ❚❚ ╱ ╱ ▶▶ ╱ ╱ ⤢ ╱  │
│                                              │ │ ╱ - ╱ VOL --          ╱ + ╱ │
│                                         3    │ │ ╱ ↻ LOOP OFF ╱              │
                                              │ │ ▂                     ▚     │ 
│                                              │ │ █         3         ▁       │
│                                              │ │ █ ▇       ▄   ▂   ▃ █       │
│                                              │ │ █ █ ▂     █   █   █ █     ▂ │
│                                              │ │ █ █ █ █ ▅ █ ▄ █ ▂ █ █ ▄ █ █ │
│                                              │ │ █ █ █ █ █ █ █ █ █ █ █ █ █ █ │
└─────────────────────────── BAND FM // 03 CH ─╱ └───────────── NC-NET 0x2077 ─╱
░▒▓ SYS NOMINAL // BUF 0x5EF6                                                   
[ENTER] OPEN  [/] SCAN  [SPACE] PLAY/PAUSE  [→] PLAYER  [,/.] SEEK  [Q] QUIT