                                   NU11SIGNAL  AUTH OK  ▮  SIG ▂▄▆█  ▮  23▞41:24
◢◤◢◤ ╱ PLAYLISTS ╱ ╱ SEARCH ╱ ──────────────────────────── NODE B8 // NC-GRID ──
   ╱─▮ PLAYLISTS ─────────────────────────────────┐ ╱─▯ NOW PLAYING ────────────
│   + NEW PLAYLIST                             │ │ ▞ CATALOG FEED //… ▮ PLAYING│
│▌▶ 088.1  NIGHT DRIVE                         │ │                             │
│   089.7  SAMURAI                             │ │ CHIPPIN' IN            [--] │
│   091.3  BODY HEAT                           │ │ SAMURAI                     │
│                                        ▒     │ │ NEVER FADE AWAY             │
│                                              │ │                             │
│                                              │ │ ▮▮▮▮▮▯▯▯▯▯▯▯  01:40 / 03:45 │
│                ░                             │ │                             │
│                                              │ │ [◀◀] [❚❚] [▶▶] [↻ OFF]  [⤢] │
│                                              │ │ V▒L [−] --         [+]      │
│                                              │ │   ﾎ           ﾔ ｻ           │
│                                              │ │   ﾜ           ﾖ ｮ           │
│                                              │ │   ﾀ             ｫ           │
│                                              │ │                             │
  │                                              │ │                            
│                                              │ │                             │
│                                              │ │                             │
│               7                              │ │                             │
└─────────────────────────── BAND FM // 03 CH ─╱ └────────────── SPECTRUM SIM ─╱
░▒▓ FX ON                                                                       
[ENTER] OPEN  [/] SCAN  [SPACE] PLAY  [→] PLAYER  [,/.] SEEK  [?] KEYS  [Q] QUIT