◢◤ NU11SIGNAL // NIGHT CITY RADIO              AUTH OK  ▮  SIG ▂▄▆█  ▮  23:41:07
▓▒░ ╱ PLAYLISTS ╱ ╱ SEARCH ╱ ────────────────────────────────────── PLAYLISTS ──
╱─▮ KEYS ──────────────────────────────────────────────────────────────────────┐
│ ▞ PLAYBACK                             ▞ NAVIGATION                          │
│ SPACE         PLAY / PAUSE             ↑ / ↓         MOVE, ↑ TO THE TABS     │
│ N / P         NEXT / PREVIOUS SONG     ENTER         OPEN / PLAY / PRESS     │
│ , / .         SEEK -10 S / +10 S       ESC           BACK / CANCEL           │
│ SHIFT+← / →   SEEK, ALSO IN SEARCH     TAB           PLAYLISTS ⇄ SEARCH      │
│ J / K         VOLUME DOWN / UP         /             SEARCH                  │
│ - / + =       VOLUME DOWN / UP         → / ←         PLAYER FOCUS / LIST     │
│ SHIFT+↑ / ↓   VOLUME, ALSO IN SEARCH   G             OPEN THE SONG'S ALBUM   │
│ O             LOOP OFF / ALL / ONE     ▞ VIEW                                │
│ L             LOVE THE SONG            F / CTRL+F    EXPAND / RESTORE PLAYER │
│ A             ADD TO A PLAYLIST        X             SIGNAL FX ON / OFF      │
│                                        ▞ SEARCH                              │
│                                        DEL / CTRL+D  DROP A RECENT SEARCH    │
│                                        ▞ APP                                 │
│                                        R             RETRY A FAILED LOAD     │
│                                        Q / CTRL+C    QUIT (CTRL+C IN TEXT)   │
│                                        ?             KEYS (THIS LIST)        │
│                                                                              │
└──────────────────────────────────────────────────────────────── ?/ESC CLOSE ─╱
░▒▓ FX OFF                                                                      
[?/ESC] CLOSE  [CTRL+C] QUIT