                                   NU11SIGNAL  AUTH OK  ▮  SIG ▂▄▆█  ▮  23:41:07
◢◤◢◤ ╱ PLAYLISTS ╱ ╱ SEARCH ╱ ──────────────────────────── NODE B8 // NC-GRID ──
╱─▮ PLAYLISTS ─────────────────────────────────┐ ╱─▯ NOW PLAYING ──────────────┐
│   + NEW PLAYLIST                             │ │ ▞ CATALOG FEED // … ▮ PAUSED│
│▌▶ 088.1  NIGHT DRIVE                         │ │                             │
│   089.7  SAMURAI                             │ │ CHIPPIN' IN            [--] │
│   091.3  BODY HEAT                           │ │ SAMURAI                     │
│                                              │ │ NEVER FADE AWAY             │
│                                              │ │                             │
│                                              │ │ ▮▮▮▮▮▯▯▯▯▯▯▯  01:30 / 03:45 │
│                                              │ │                             │
│                                              │ │ [◀◀] [▶] [▶▶] [↻ OFF]   [⤢] │
│                                              │ │ VOL [−] --         [+]      │
│                                              │ │         ⢀⣠⡴⠶⠒⠒⠶⢦⣄⡀          │
│                                              │ │        ⣴⢟⡥⠚⠉⠉⠉⠉⠓⢬⡻⣦         │
│                                              │ │       ⣼⢣⠎        ⠱⡜⣧        │
│                                              │ │      ⣿⣿⣼⢀        ⡀⣧⣿⣿       │
│                                              │ │      ⣿⣿⣿⢐⠨⠨⢐  ⡂⠅⠅⡂⣿⣿⣿       │
│                                              │ │      ⠿⠿⢿⠐⠨⠨⢐  ⡂⠅⠅⠂⡿⠿⠿       │
│                                              │ │         ⠳⡄      ⢠⠞          │
│                                              │ │          ⠘⢆⣀⣀⣀⣀⡰⠃           │
└─────────────────────────── BAND FM // 03 CH ─╱ └───────────── SPECTRUM HOLD ─╱
◢◤◢◤ FX OFF                                                                     
[ENTER] OPEN  [/] SCAN  [SPACE] PLAY  [→] PLAYER  [,/.] SEEK  [?] KEYS  [Q] QUIT