                                   NU11SIGNAL  AUTH OK  ▮  SIG ▂▄▆█  ▮  23:41:07
◢◤◢◤ ╱ PLAYLISTS ╱ ╱ SEARCH ╱ ╱ ◀ BACK ╱ ───────────────── NODE B8 // NC-GRID ──
╱─▮ PLAYLIST ──────────────────────────────────┐ ╱─▯ NOW PLAYING ──────────────┐
│ NIGHT DRIVE                                  │ │ ▞ CATALOG FEED //… ▮ PLAYING│
│ LIBRARY PLAYLIST · 088.1 MHZ                 │ │                             │
│──────────────────────────────────────────────│ │ RESONANCE              [--] │
│ ▶ PLAY                                       │ │ HOME                        │
│                                              │ │ ODYSSEY                     │
│   1  NIGHTCALL · KAVINSKY         4:18       │ │                             │
│▌▶ 2  RESONANCE · HOME             3:32  -- + │ │ ▮▮▮▮▮▯▯▯▯▯▯▯  01:23 / 03:32 │
│   3  TURBO KILLER · CARPENTER B…  3:49       │ │                             │
│                                              │ │ [◀◀] [❚❚] [▶▶] [↻ OFF]  [⤢] │
│ 3 SONGS, 12 MINUTES                          │ │ VOL [−] ▮▮▮▮▮▮▯▯▯▯ [+] 60%  │
│                                              │ │               ﾔ     ﾛ   ﾈ   │
│                                              │ │   ﾜ           ﾖ ｮ           │
│                                              │ │   ﾓ           ﾝ ｱ           │
│                                              │ │   ﾊ             ｾ           │
│                                              │ │                             │
│                                              │ │                             │
│                                              │ │                             │
│                                              │ │                             │
└────────────────────────────────── TRACKS 03 ─╱ └────────────── SPECTRUM SIM ─╱
░▒▓ FX OFF                                                                      
[ENTER] PLAY/MORE  [↑↓] MOVE  [SPACE] PLAY  [ESC] BACK  [?] KEYS  [Q] QUIT