◢◤ NU11SIGNAL // NIGHT CITY RADIO              AUTH OK  ▮  SIG ▂▄▆█  ▮  23:41:07
▓▒░ ╱ PLAYLISTS ╱ ╱ SEARCH ╱ ╱ ◀ BACK ╱ ──────────────────── RDO-77 // NC-NET ──
╱─▮ PLAYLIST ──────────────────────────────────┐ ╱─▯ NOW PLAYING ──────────────┐
│ NIGHT DRIVE                                  │ │ NOW PLAYING        ▮ PLAYING│
│ LIBRARY PLAYLIST · 088.1 MHZ                 │ │                             │
│──────────────────────────────────────────────│ │ RESONANCE             ╱ ♡ ╱ │
│ ▶ PLAY                                       │ │ HOME                        │
│                                              │ │ ODYSSEY                     │
│   1  NIGHTCALL · KAVINSKY          4:18      │ │                             │
│▌▶ 2  RESONANCE · HOME              3:32  ♡ + │ │ ▮▮▮▮▮▯▯▯▯▯▯▯  01:23 / 03:32 │
│   3  TURBO KILLER · CARPENTER BR…  3:49      │ │ ▞ CATALOG FEED // DIRECT    │
│                                              │ │                             │
│ 3 SONGS, 12 MINUTES                          │ │ [◀◀] [❚❚] [▶▶] [↻ OFF]  [⤢] │
│                                              │ │ VOL [−] ▮▮▮▮▮▮▯▯▯▯ [+] 60%  │
│                                              │ │               ﾔ     ﾛ   ﾈ   │
│                                              │ │   ﾜ           ﾖ ｮ           │
│                                              │ │   ﾓ           ﾝ ｱ           │
│                                              │ │   ﾊ             ｾ           │
│                                              │ │                             │
│                                              │ │                             │
│                                              │ │                             │
└────────────────────────────────── TRACKS 03 ─╱ └───────────── NC-NET 0x2077 ─╱
░▒▓ SYS NOMINAL // BUF 0x5EF6                                                   
[ENTER] PLAY/MORE  [↑↓] MOVE  [SPACE] PLAY/PAUSE  [ESC] BACK  [L] LOVE  [Q] QUIT