                                   NU11SIGNAL  AUTH OK  ▮  SIG ▂▄▆█  ▮  23:41:07
◢◤◢◤ ╱ PLAYLISTS ╱ ╱ SEARCH ╱ ──────────────────────────── NODE B8 // NC-GRID ──
╱─▮ PLAYLISTS ─────────────────────────────────┐ ╱─▯ NOW PLAYING ──────────────┐
│   + NEW PLAYLIST                             │ │ ▞ LOCAL FEED // D… ▮ PLAYING│
│▌▶ 088.1  NIGHT DRIVE                         │ │                             │
│   089.7  SAMURAI                             │ │ CHIPPIN' IN                 │
│   091.3  BODY HEAT                           │ │ SAMURAI                     │
│ ▞ L O C A L                                  │ │ NEVER FADE AWAY             │
│   092.9  VINYL RIPS                          │ │                             │
│   094.5  DEMOS                               │ │ ▮▮▮▮▯▯▯▯▯▯▯▯  01:23 / 03:45 │
│                                              │ │                             │
│                                              │ │ [◀◀] [❚❚] [▶▶] [↻ OFF]  [⤢] │
│                                              │ │ VOL [−] --         [+]      │
│                                              │ │               ﾔ     ﾛ   ﾈ   │
│                                              │ │   ﾜ           ﾖ ｮ           │
│                                              │ │   ﾓ           ﾝ ｱ           │
│                                              │ │   ﾊ             ｾ           │
│                                              │ │                             │
│                                              │ │                             │
│                                              │ │                             │
│                                              │ │                             │
└─────────────────────────── BAND FM // 05 CH ─╱ └────────────── SPECTRUM SIM ─╱
◢◤◢◤ FX OFF                                                                     
[ENTER] OPEN  [/] SCAN  [SPACE] PLAY  [→] PLAYER  [,/.] SEEK  [?] KEYS  [Q] QUIT