                                   NU11SIGNAL  AUTH OK  ▮  SIG ▂▄▆█  ▮  23:41:07
◢◤◢◤ ╱ PLAYLISTS ╱ ─────────────────────────────────────── NODE B8 // NU-GRID ──
╱─▮ PLAYLISTS ─────────────────────────────────┐ ╱─▯ NOW PLAYING ──────────────┐
│ ▞ L O C A L                                  │ │ ▞ LOCAL FEED // D… ▮ PLAYING│
│▌▶ 088.1  VINYL RIPS                          │ │                             │
│   089.7  DEMOS                               │ │ HOLLOW WIRE                 │
│                                              │ │ FUSEWAY                     │
│                                              │ │ LONG WIRE HYMNS             │
│                                              │ │                             │
│                                              │ │ ▮▮▮▮▯▯▯▯▯▯▯▯  01:23 / 03:45 │
│                                              │ │                             │
│                                              │ │ [◀◀] [❚❚] [▶▶] [↻ OFF]  [⤢] │
│                                              │ │ VOL [−] --         [+]      │
│                                              │ │               ﾔ     ﾛ   ﾈ   │
│                                              │ │   ﾜ           ﾖ ｮ           │
│                                              │ │   ﾓ           ﾝ ｱ           │
│                                              │ │   ﾊ             ｾ           │
│                                              │ │                             │
│                                              │ │                             │
│                                              │ │                             │
│                                              │ │                             │
└─────────────────────────── BAND FM // 02 CH ─╱ └────────────── SPECTRUM SIM ─╱
◢◤◢◤ FX OFF                                                                     
[ENTER] OPEN  [SPACE] PLAY  [→] PLAYER  [,/.] SEEK  [?] KEYS  [Q] QUIT