◢◤ NU11SIGNAL // NIGHT CITY RADIO              AUTH OK  ▮  SIG ▂▄▆█  ▮  23:41:07
▓▒░ ╱ PLAYLISTS ╱ ╱ SEARCH ╱ ╱ ◀ BACK ╱ ────────────────── NODE B8 // NC-GRID ──
╱─▮ NEW PLAYLIST ──────────────────────────────┐ ╱─▯ NOW PLAYING ──────────────┐
│+ Night Moves                                 │ │ NOW PLAYING        ▮ PLAYING│
│──────────────────────────────────────────────│ │                             │
│ WITH                                         │ │ CHIPPIN' IN            [--] │
│ ♪ DIGITAL LOVE · DAFT PUNK                   │ │ SAMURAI                     │
│                                              │ │ NEVER FADE AWAY             │
│ ╱ CREATE ╱ ╱ CANCEL ╱                        │ │                             │
│                                              │ │ ▮▮▮▮▯▯▯▯▯▯▯▯  01:23 / 03:45 │
│                                              │ │ ▞ CATALOG FEED // DIRECT    │
│                                              │ │                             │
│                                              │ │ [◀◀] [❚❚] [▶▶] [↻ OFF]  [⤢] │
│                                              │ │ VOL [−] ▮▮▮▮▮▮▯▯▯▯ [+] 60%  │
│                                              │ │               ﾔ     ﾛ   ﾈ   │
│                                              │ │   ﾜ           ﾖ ｮ           │
│                                              │ │   ﾓ           ﾝ ｱ           │
│                                              │ │   ﾊ             ｾ           │
│                                              │ │                             │
│                                              │ │                             │
│                                              │ │                             │
└────────────────────────────── LIBRARY WRITE ─╱ └────────────── SPECTRUM SIM ─╱
░▒▓ FX OFF                                                                      
[ENTER] CREATE  [ESC] CANCEL  [CTRL+C] QUIT