◢◤ NU11SIGNAL // NIGHT CITY RADIO              AUTH OK  ▮  SIG ▂▄▆█  ▮  23:41:07
▓▒░ ╱ PLAYLISTS ╱ ╱ SEARCH ╱ ╱ ◀ BACK ╱ ──────────────────── RDO-77 // NC-NET ──
╱─▮ NEW PLAYLIST ──────────────────────────────┐ ╱─▯ NOW PLAYING ──────────────┐
│+ Night Moves                                 │ │ NOW PLAYING        ▮ PLAYING│
│──────────────────────────────────────────────│ │                             │
│ WITH                                         │ │ CHIPPIN' IN           ╱ ♡ ╱ │
│ ♪ DIGITAL LOVE · DAFT PUNK                   │ │ SAMURAI                     │
│                                              │ │ NEVER FADE AWAY             │
│ ╱ CREATE ╱ ╱ CANCEL ╱                        │ │                             │
│                                              │ │ ▮▮▮▮▯▯▯▯▯▯▯▯  01:23 / 03:45 │
│                                              │ │ ▞ CATALOG FEED // DIRECT    │
│                                              │ │                             │
│                                              │ │ ╱ ◀◀ ╱ ╱ ❚❚ ╱ ╱ ▶▶ ╱ ╱ ⤢ ╱  │
│                                              │ │ ╱ - ╱ VOL ▮▮▮▮▯▯  60% ╱ + ╱ │
│                                              │ │ ╱ ↻ LOOP OFF ╱              │
│                                              │ │                             │
│                                              │ │ ▅           ▄ ▁       ▁     │
│                                              │ │ █ ▁ ▆ ▃ ▇   █ █   ▆   █   ▆ │
│                                              │ │ █ █ █ █ █   █ █ ▇ █   █ █ █ │
│                                              │ │ █ █ █ █ █ ▅ █ █ █ █ ▇ █ █ █ │
│                                              │ │ █ █ █ █ █ █ █ █ █ █ █ █ █ █ │
└────────────────────────────── LIBRARY WRITE ─╱ └───────────── NC-NET 0x2077 ─╱
░▒▓ SYS NOMINAL // BUF 0x5EF6                                                   
[ENTER] CREATE  [ESC] CANCEL  [CTRL+C] QUIT