▓◤ NU11SIGNAL // NIGHT CITY RADIO              AUTH OK  ▮  SIG ▂▄▆█  ▮  23:42:03
▓▒░ ╱ PLAYLISTS ╱ ╱ SEARCH ╱ ─────────────────────────────── RDO-77 // NC-NET ──
╱─▮ PLAYLISTS ─────────────────────────────────┐ ╱─▯ NOW PLAYING ─────────E────┐
│   + NEW PLAYLIST             ▓     ▞         │ │ NOW PLAYING        ▮ PLAYING│
│▌▶ 088.1  NIG▓T DRIVE                         │ │                             │
│   089.7  SAMURAI                             │ │ CHIPPIN' IN           ╱ ♡ ╱ │
│   091.3  BODY HEAT                           │ │ SAMURAI                     │
│                                              │ │ NEVER FADE AWAY             │
│                                              │ │                             │
│                                              │ │ ▮▮▮▮▮▮▮▯▯▯▯▯  02:19 / 03:45 │
│                                              │ │ ▞ CATALOG FEED // DIRECT▚   │
│                          ▒░▒░▓▒▓░░░░░░▒▒░▒░▒░▒▓▓░▒                           │
│                          ▒▓  N O   S I G N A L  ▓▒ ◀◀ ╱ ╱ ❚❚ ╱ ╱ ▶▶ ╱ ╱ ⤢ ╱  │
│                          ▓░▒░░░▒▒▓░▒▓▒▒▒░░░░░▒▒▓░▒ - ╱ VOL --          ╱ + ╱ │
│                                ░             │ │ ╱ ↻ LOOP OFF ╱              │
│                                              │ │                             │
│                                              │ │ ▁                           │
│                                              │ │ █ ▁ ▁ ▄ ▃   ▆ ▂       ▇     │
│                  7                           │ │ █ █ █ █ █   █ █ █ ▄   █ ▁ ▂ │
│                                              │ │ █ █ █ █ █ █ █ █ █ █ █ █ █ █ │
│                                              │ │ █ █ █ █ █ █ █ █ █ █ █ █ █ █ │
└─────────────────────────── BAND FM // 03 CH ─╱ └───────────── NC-NET 0x3077 ─╱
▒▓ SYS NOMINAL // BUF 0x5EF6E                                                   
[ENTER] OPEN  [/] SCAN  [SPACE] PLAY/PAUSE  [→] PLAYER  [,/.] SEEK  [Q] QUIT