◢◤ NU▚1SIGNAL // NIGHT CITY RADIO              AUTH OK  ▮ ▒SIG A▄▆█  ▮  23:47:23
▓▒░ ╱ PLAYLISTS ╱ ╱ SEARCH ╱ ─────────────────────────────── RDO-77 // NC-NET ──
╱─▮ PLAYLISTS ─────────────────────────────────┐ ╱─▯ NOW PLAYING ──────────────┐
  + NEW PLAYLIST                             │ │ NOW PLAYING        ▮ PLAYING│  
│▌▶ 088.1  NIGHT DRIVE                         │ │ ▞                           │
│   089.7  SA7URAI           ▓                 │ │ CHIPPIN' IN           ╱ ♡ ╱ │
│   091.3  BODY HEAT                   A       │ │ SAMURAI                     │
                             ▓               │ │ NEVER FADE AWAY             │  
│                                              │ │                             │
│                  E        E                  │ │ ▮▮▮▮▮▮▮▮▮▮▮▮  03:45 / 03:45 │
│     F    ▒           ▒                       │ │ ▞ CATALOG FEED // DIRECT    │
│                          ░▒░▒▓▒░▓▒▓▓▓▒░▒▒▓░▓▓▓▒░▒▒                           │
│      █                  ▞▒▓  N O   S I G N A L  ▓▒ ◀◀ ╱ ╱ ❚❚ ╱ ╱ ▶▶ ╱ ╱ ⤢ ╱  │
│     E                    ▓▓▓▓▓▒▓▓▓░░▓░░░░░░▓░▓▒▒▒░ - ╱ VOL --      3   ╱ + ╱ │
░▒▓▓░▓▓░░░▓░▒░▓▒▓▓▒▒░▓▒▓3▒▒▒▒▒░░▓▓░▓░▓▒▒░▒▒░░░░▓░░▓▒░▓░▒▓▒▒▒░░▓▓▒▒░░▓▒░▓▒▒▒░░▓░▓
│                                              │ │                             │
           ░     ▞  ▓                        │ │                             │  
│C                                             │ │ ▂ 7 ▁     ▄   ▁ ▁   ▃     ▃ │
│    ▞                                     █   │ │ █ ▆ █ ▃   █   █ █   █ ▆ █ █ │
│                                              │ │ █ █ █ █ ▇ █ A █ █   █ █ █ █ │
│                                              │ │ █ █ █ █ █ █ █ █ █ █ █ █ █ █ │
└─────────────────────────── BAND FM // 03 CH ─╱ └───────────── NC-NET 0x207▒ ─╱
BLACKWALL NOISE // FILTERING                            C          F            
[ENTER] OPEN  [/] SCAN  [SPACE] PLAY/PAUSE  [→] PLAYERA [,/.] SEEK  [Q] QUIT