                                   NU11SIGNAL  AUTH OK  ▮  SIG ▂▄▆█  ▮  23:41:07
◢◤◢◤ ╱ PLAYLISTS ╱ ╱ SEARCH ╱ ──────────────────────────── NODE B8 // NC-GRID ──
╱─▮ PLAYLISTS ─────────────────────────────────┐ ╱─▯ NOW PLAYING ──────────────┐
│   + NEW PLAYLIST                             │ │ ▞ 089.7 MHZ // SA… ▮ PLAYING│
│   088.1  NIGHT DRIVE                         │ │                             │
│▌▶ 089.7  SAMURAI                            ◉│ │ RESONANCE              [--] │
│   091.3  BODY HEAT                           │ │ HOME                  ▄▀▀▄▀ │
│                                              │ │ ODYSSEY              █ ▄▀ █ │
│                                              │ │                      ▄▀▄▄▀  │
│                                              │ │ ▮▮▮▮▮▯▯▯▯▯▯▯  01:23 / 03:32 │
│                                              │ │                             │
│                                              │ │ [◀◀] [❚❚] [▶▶] [↻ OFF]  [⤢] │
│                                              │ │ VOL [−] ▮▮▮▮▮▮▯▯▯▯ [+] 60%  │
│                                              │ │               ﾔ     ﾛ   ﾈ   │
│                                              │ │   ﾜ           ﾖ ｮ           │
│                                              │ │   ﾓ           ﾝ ｱ           │
│                                              │ │   ﾊ             ｾ           │
│                                              │ │                             │
│                                              │ │                             │
│                                              │ │                             │
│                                              │ │                             │
└─────────────────────────── BAND FM // 03 CH ─╱ └────────────── SPECTRUM SIM ─╱
◢◤◢◤ UP NEXT // TURBO KILLER · CARPENTER BRUT                                   
[ENTER] OPEN  [/] SCAN  [SPACE] PLAY  [→] PLAYER  [,/.] SEEK  [?] KEYS  [Q] QUIT