◢◤ NU11SIGNAL // NIGHT CITY RADIO              AUTH OK  ▮  SIG ▂▄▆█  ▮  23:41:07
▓▒░ ╱ PLAYLISTS ╱ ╱ SEARCH ╱ ───────────────────────────── NODE B8 // NC-GRID ──
╱─▮ NOW PLAYING ───────────────────────────────────────────────────────────────┐
│ N O W   P L A Y I N G                                               ▮ PLAYING│
│                                                                              │
│ CHIPPIN' IN                                                             [--] │
│ SAMURAI                                                                      │
│ NEVER FADE AWAY                                                              │
│                                                                              │
│ ▮▮▮▮▮▮▮▮▮▮▮▮▮▮▮▮▮▮▮▮▮▮▮▯▯▯▯▯▯▯▯▯▯▯▯▯▯▯▯▯▯▯▯▯▯▯▯▯▯▯▯▯▯▯▯▯▯▯▯▯▯  01:23 / 03:45 │
│ ▞ CATALOG FEED // DIRECT                                                     │
│                                                                              │
│ [◀◀]  [▸❚❚ PAUSE ]  [▶▶]  [↻ OFF]  VOL [−] --                  [+]       [⤡] │
│               ﾔ     ﾛ   ﾈ                                                    │
│   ﾜ           ﾖ ｮ                                                            │
│   ﾓ           ﾝ ｱ                                                            │
│   ﾊ             ｾ                                                            │
│                                                                              │
│                                                                              │
│                                                                              │
│                                                                              │
└─────────────────────────────────────────────────────────────── SPECTRUM SIM ─╱
░▒▓ FX OFF                                                                      
[←→] PICK  [ENTER] PRESS  [↑↓] ROW  [ESC] LIST  [F] RESTORE  [?] KEYS  [Q] QUIT