◢◤ NU11SIGNAL // NIGHT CITY RADIO              AUTH OK  ▮  SIG ▂▄▆█  ▮  23:41:07
▓▒░ ╱ PLAYLISTS ╱ ╱ SEARCH ╱ ╱ ◀ BACK ╱ ──────────────────── RDO-77 // NC-NET ──
╱─▮ PLAYLIST ──────────────────────────────────┐ ╱─▯ NOW PLAYING ──────────────┐
│ DAFT PUNK ESSENTIALS                         │ │ NOW PLAYING        ▮ PLAYING│
│ APPLE MUSIC ELECTRONIC                       │ │                             │
│ PLAYLIST                                     │ │ CHIPPIN' IN                 │
│──────────────────────────────────────────────│ │ SAMURAI                     │
│   1  ONE MORE TIME · DAFT PUNK          5:20 │ │ NEVER FADE AWAY             │
│▌  2  GET LUCKY · DAFT PUNK, PHARRELL …  6:09 │ │                             │
│   3  INSTANT CRUSH · DAFT PUNK & JULI…  5:37 │ │ ▮▮▮▮▯▯▯▯▯▯▯▯  01:23 / 03:45 │
│   4  AROUND THE WORLD · DAFT PUNK       7:09 │ │ ▞ CATALOG FEED // DIRECT    │
│                                              │ │                             │
│ 4 SONGS, 24 MINUTES                          │ │ ╱ ◀◀ ╱ ╱ ❚❚ ╱ ╱ ▶▶ ╱ ╱ ⤢ ╱  │
│                                              │ │ ╱ - ╱ VOL --          ╱ + ╱ │
│ The French duo's robot-helmeted house, from  │ │                             │
│ Homework to Random Access Memories.          │ │ ▃           ▂               │
│                                              │ │ █   ▃   ▄   █ ▆   ▄   ▇   ▃ │
│                                              │ │ █ ▅ █ ▇ █   █ █ ▂ █   █ ▄ █ │
│                                              │ │ █ █ █ █ █   █ █ █ █ ▁ █ █ █ │
│                                              │ │ █ █ █ █ █ █ █ █ █ █ █ █ █ █ │
│                                              │ │ █ █ █ █ █ █ █ █ █ █ █ █ █ █ │
└────────────────────────────────── TRACKS 04 ─╱ └───────────── NC-NET 0x2077 ─╱
░▒▓ SYS NOMINAL // BUF 0x5EF6                                                   
[ENTER] PLAY/MORE  [J/K] MOVE  [SPACE] PLAY/PAUSE  [ESC] BACK  [Q] QUIT