◢◤ NU11SIGNAL                                  AUTH OK  ▮  SIG ▂▄▆█  ▮  23:41:07
▓▒░ ╱ PLAYLISTS ╱ ╱ SEARCH ╱ ╱ ◀ BACK ╱ ────────────────── NODE B8 // NC-GRID ──
╱─▮ PLAYLIST ──────────────────────────────────┐ ╱─▯ NOW PLAYING ──────────────┐
│ DAFT PUNK ESSENTIALS                         │ │ ▞ CATALOG FEED //… ▮ PLAYING│
│ APPLE MUSIC ELECTRONIC                       │ │                             │
│ PLAYLIST                                     │ │ CHIPPIN' IN            [--] │
│──────────────────────────────────────────────│ │ SAMURAI                     │
│   1  ONE MORE TIME · DAFT PUNK    5:20       │ │ NEVER FADE AWAY             │
│▌  2  GET LUCKY · DAFT PUNK, PHA…  6:09  -- + │ │                             │
│   3  INSTANT CRUSH · DAFT PUNK …  5:37       │ │ ▮▮▮▮▯▯▯▯▯▯▯▯  01:23 / 03:45 │
│   4  AROUND THE WORLD · DAFT PU…  7:09       │ │                             │
│                                              │ │ [◀◀] [❚❚] [▶▶] [↻ OFF]  [⤢] │
│ 4 SONGS, 24 MINUTES                          │ │ VOL [−] --         [+]      │
│                                              │ │               ﾔ     ﾛ   ﾈ   │
│ The French duo's robot-helmeted house, from  │ │   ﾜ           ﾖ ｮ           │
│ Homework to Random Access Memories.          │ │   ﾓ           ﾝ ｱ           │
│                                              │ │   ﾊ             ｾ           │
│                                              │ │                             │
│                                              │ │                             │
│                                              │ │                             │
│                                              │ │                             │
└────────────────────────────────── TRACKS 04 ─╱ └────────────── SPECTRUM SIM ─╱
░▒▓ FX OFF                                                                      
[ENTER] PLAY/MORE  [↑↓] MOVE  [SPACE] PLAY  [ESC] BACK  [?] KEYS  [Q] QUIT