◢◤ NU11SIGNAL // NIGHT CITY RADIO              AUTH OK  ▮  SIG ▂▄▆█  ▮  23:41:07
▓▒░ ╱ PLAYLISTS ╱ ╱ SEARCH ╱ ─────────────────────────────── RDO-77 // NC-NET ──
╱─▮ PLAYLISTS ─────────────────────────────────┐ ╱─▯ NOW PLAYING ──────────────┐
│   088.1  NIGHT DRIVE                         │ │ NOW PLAYING        ▮ PLAYING│
│▌▶ 089.7  SAMURAI                            ◉│ │                             │
│   091.3  BODY HEAT                           │ │ RESONANCE                   │
│                                              │ │ HOME                        │
│                                              │ │ ODYSSEY                     │
│                                              │ │                             │
│                                              │ │ ▮▮▮▮▮▯▯▯▯▯▯▯  01:23 / 03:32 │
│                                              │ │ ▞ 089.7 MHZ // SAMURAI      │
│                                              │ │                             │
│                                              │ │ ╱ ◀◀ ╱ ╱ ❚❚ ╱ ╱ ▶▶ ╱ ╱ ⤢ ╱  │
│                                              │ │ ╱ - ╱ VOL ▮▮▮▮▯▯  60% ╱ + ╱ │
│                                              │ │                             │
│                                              │ │ ▃           ▂               │
│                                              │ │ █   ▃   ▄   █ ▆   ▄   ▇   ▃ │
│                                              │ │ █ ▅ █ ▇ █   █ █ ▂ █   █ ▄ █ │
│                                              │ │ █ █ █ █ █   █ █ █ █ ▁ █ █ █ │
│                                              │ │ █ █ █ █ █ █ █ █ █ █ █ █ █ █ │
│                                              │ │ █ █ █ █ █ █ █ █ █ █ █ █ █ █ │
└─────────────────────────── BAND FM // 03 CH ─╱ └───────────── NC-NET 0x2077 ─╱
░▒▓ SYS NOMINAL // BUF 0x5EF6                                                   
[ENTER] OPEN  [/] SCAN  [SPACE] PLAY/PAUSE  [→] PLAYER  [,/.] SEEK  [Q] QUIT