                                   NU11SIGNAL  AUTH OK  ▮  SIG ▂▄▆█  ▮  23:41:07
◢◤◢◤ ╱ PLAYLISTS ╱ ╱ SEARCH ╱ ──────────────────────────── NODE B8 // NC-GRID ──
╱─▮ NOW PLAYING ───────────────────────────────────────────────────────────────┐
│ ▞ CATALOG FEED // DIRECT                                            ▮ PLAYING│
│                                                                              │
│ CHIPPIN' IN                                                             [--] │
│ SAMURAI                                                  ▄▀▀▄▀   N U 1 1     │
│ NEVER FADE AWAY                                         █ ▄▀ █   S I G N A L │
│                                                         ▄▀▄▄▀    ◢◤◢◤◢◤◢◤◢◤  │
│ ▮▮▮▮▮▮▮▮▮▮▮▮▮▮▮▮▮▮▮▮▮▮▮▯▯▯▯▯▯▯▯▯▯▯▯▯▯▯▯▯▯▯▯▯▯▯▯▯▯▯▯▯▯▯▯▯▯▯▯▯▯  01:23 / 03:45 │
│                                                                              │
│ [◀◀]  [▸❚❚ PAUSE ]  [▶▶]  [↻ OFF]  VOL [−] --                  [+]       [⤡] │
│               ﾔ     ﾛ   ﾈ                                                    │
│   ﾜ           ﾖ ｮ                                                            │
│   ﾓ           ﾝ ｱ                                                            │
│   ﾊ             ｾ                                                            │
│                                                                              │
│                                                                              │
│                                                                              │
│                                                                              │
│                                                                              │
└─────────────────────────────────────────────────────────────── SPECTRUM SIM ─╱
◢◤◢◤ FX OFF                                                                     
[←→] PICK  [ENTER] PRESS  [↑↓] ROW  [ESC] LIST  [F] RESTORE  [?] KEYS  [Q] QUIT