◢◤ NU11SIGNAL // NIGHT CITY RADIO              AUTH OK  ▮  SIG ▂▄▆█  ▮  23:41:07
▓▒░ ╱ PLAYLISTS ╱ ╱ SEARCH ╱ ╱ ◀ BACK ╱ ──────────────────── RDO-77 // NC-NET ──
╱─▮ PLAYLIST ──────────────────────────────────┐ ╱─▯ NOW PLAYING ──────────────┐
│ DAFT PUNK ESSENTIALS                         │ │ NOW PLAYING        ▮ PLAYING│
│ APPLE MUSIC ELECTRONIC                       │ │                             │
│ PLAYLIST                                     │ │ CHIPPIN' IN            [--] │
│──────────────────────────────────────────────│ │ SAMURAI                     │
│   1  ONE MORE TIME · DAFT PUNK    5:20       │ │ NEVER FADE AWAY             │
│▌  2  GET LUCKY · DAFT PUNK, PHA…  6:09  -- + │ │                             │
│   3  INSTANT CRUSH · DAFT PUNK …  5:37       │ │ ▮▮▮▮▯▯▯▯▯▯▯▯  01:23 / 03:45 │
│   4  AROUND THE WORLD · DAFT PU…  7:09       │ │ ▞ CATALOG FEED // DIRECT    │
│                                              │ │                             │
│ 4 SONGS, 24 MINUTES                          │ │ [◀◀] [❚❚] [▶▶] [↻ OFF]  [⤢] │
│                                              │ │ VOL [−] --         [+]      │
│ The French duo's robot-helmeted house, from  │ │               ﾔ     ﾛ   ﾈ   │
│ Homework to Random Access Memories.          │ │   ﾜ           ﾖ ｮ           │
│                                              │ │   ﾓ           ﾝ ｱ           │
│                                              │ │   ﾊ             ｾ           │
│                                              │ │                             │
│                                              │ │                             │
│                                              │ │                             │
└────────────────────────────────── TRACKS 04 ─╱ └───────────── NC-NET 0x2077 ─╱
░▒▓ SYS NOMINAL // BUF 0x5EF6                                                   
[ENTER] PLAY/MORE  [↑↓] MOVE  [SPACE] PLAY/PAUSE  [ESC] BACK  [L] LOVE  [Q] QUIT