◢◤ NU11SIGNAL // NIGHT CITY RADIO              AUTH OK  ▮  SIG ▂▄▆█  ▮  23:41:07
▓▒░ ╱ PLAYLISTS ╱ ╱ SEARCH ╱ ─────────────────────────────── RDO-77 // NC-NET ──
╱─▮ NOW PLAYING ───────────────────────────────────────────────────────────────┐
│ N O W   P L A Y I N G                                               ▮ PLAYING│
│                                                                              │
│ CHIPPIN' IN                                                            ╱ ♡ ╱ │
│ SAMURAI                                                                      │
│ NEVER FADE AWAY                                                              │
│                                                                              │
│ ▮▮▮▮▮▮▮▮▮▮▮▮▮▮▮▮▮▮▮▮▮▮▮▯▯▯▯▯▯▯▯▯▯▯▯▯▯▯▯▯▯▯▯▯▯▯▯▯▯▯▯▯▯▯▯▯▯▯▯▯▯  01:23 / 03:45 │
│ ▞ CATALOG FEED // DIRECT                                                     │
│                                                                              │
│ ╱ ◀◀ PREV ╱ ╱▸❚❚ PAUSE ╱ ╱ NEXT ▶▶ ╱ ╱ ⤡ RESTORE ╱                           │
│ ╱ - ╱ VOL --              ╱ + ╱                                              │
│ ╱ ↻ LOOP OFF ╱                                                               │
│                                                                              │
│ ▅           ▄ ▁       ▁                                                      │
│ █ ▁ ▆ ▃ ▇   █ █   ▆   █   ▆ ▇   ▃   ▁   ▁ ▄     ▁ ▆               ▁       ▂  │
│ █ █ █ █ █   █ █ ▇ █   █ █ █ █ ▆ █ ▄ █   █ █     █ █ ▄ ▃     ▆ ▆ ▇ █   ▂ ▆ █  │
│ █ █ █ █ █ ▅ █ █ █ █ ▇ █ █ █ █ █ █ █ █ ▁ █ █ ▆ ▆ █ █ █ █ ▇ ▆ █ █ █ █ █ █ █ █  │
│ █ █ █ █ █ █ █ █ █ █ █ █ █ █ █ █ █ █ █ █ █ █ █ █ █ █ █ █ █ █ █ █ █ █ █ █ █ █  │
└────────────────────────────────────────────────────────────── NC-NET 0x2077 ─╱
░▒▓ SYS NOMINAL // BUF 0x5EF6                                                   
[←→] SELECT  [ENTER] PRESS  [↑↓] ROW  [ESC] LIST  [F] RESTORE  [Q] QUIT