                                   NU11SIGNAL  AUTH OK  ▮  SIG ▂▄▆█  ▮  23:41:07
◢◤◢◤ ╱ PLAYLISTS ╱ ╱ SEARCH ╱ ──────────────────────────── NODE B8 // NC-GRID ──
╱─▮ PLAYLISTS ─────────────────────────────────┐ ╱─▯ NOW PLAYING ──────────────┐
│   + NEW PLAYLIST                             │ │ ▞ CATALOG FEED //… ▮ PLAYING│
│▌▶ 088.1  NIGHT DRIVE                         │ │                             │
│   089.7  SAMURAI                             │ │ CHIPPIN' IN            [--] │
│   091.3  BODY HEAT                           │ │ SAMURAI               ▄▀▀▄▀ │
│                                              │ │ NEVER FADE AWAY      █ ▄▀ █ │
│                                              │ │                      ▄▀▄▄▀  │
│                       ╱─▮ QUIT ──────────────────────┐▯▯▯▯▯▯▯  01:23 / 03:45 │
│                       │                              │                       │
│                       │       QUIT NU11SIGNAL?       │[❚❚] [▶▶] [↻ OFF]  [⤢] │
│                       │                              │−] --         [+]      │
│                       │    [ Y QUIT ]  [ N STAY ]    │         ﾔ     ﾛ   ﾈ   │
│                       └──────────────────── CONFIRM ─╱         ﾖ ｮ           │
│                                              │ │   ﾓ           ﾝ ｱ           │
│                                              │ │   ﾊ             ｾ           │
│                                              │ │                             │
│                                              │ │                             │
│                                              │ │                             │
│                                              │ │                             │
└─────────────────────────── BAND FM // 03 CH ─╱ └────────────── SPECTRUM SIM ─╱
◢◤◢◤ FX OFF                                                                     
[Y/ENTER] QUIT  [N/ESC] STAY