◢◤ NU11SIGNAL // NIGHT CITY RADIO              AUTH OK  ▮  SIG ▂▄▆█  ▮  23:41:07
▓▒░ ╱ PLAYLISTS ╱ ╱ SEARCH ╱ ─────────────────────────────── RDO-77 // NC-NET ──
╱─▮ SEARCH ────────────────────────────────────┐ ╱─▯ NOW PLAYING ──────────────┐
│⌕ ARTISTS, SONGS                              │ │ NOW PLAYING        ▮ PLAYING│
│──────────────────────────────────────────────│ │                             │
│ R E C E N T                                  │ │ CHIPPIN' IN           ╱ ♡ ╱ │
│ ⌕ QUEEN                                     ✕│ │ SAMURAI                     │
│ ⌕ DAFT PUNK                                 ✕│ │ NEVER FADE AWAY             │
│ ⌕ SAMURAI                                   ✕│ │                             │
│                                              │ │ ▮▮▮▮▯▯▯▯▯▯▯▯  01:23 / 03:45 │
│                                              │ │ ▞ CATALOG FEED // DIRECT    │
│                                              │ │                             │
│                                              │ │ ╱ ◀◀ ╱ ╱ ❚❚ ╱ ╱ ▶▶ ╱ ╱ ⤢ ╱  │
│                                              │ │ ╱ - ╱ VOL --          ╱ + ╱ │
│                                              │ │ ╱ ↻ LOOP OFF ╱              │
│                                              │ │               ﾔ     ﾛ   ﾈ   │
│                                              │ │   ﾜ           ﾖ ｮ           │
│                                              │ │   ﾓ           ﾝ ｱ           │
│                                              │ │   ﾊ             ｾ           │
│                                              │ │                             │
│                                              │ │                             │
└────────────────────────────────── RECENT 03 ─╱ └───────────── NC-NET 0x2077 ─╱
░▒▓ SYS NOMINAL // BUF 0x5EF6                                                   
[ENTER] SELECT  [↑↓] MOVE  [TAB] PLAYLISTS  [ESC] BACK  [CTRL+C] QUIT