                                   NU11SIGNAL  AUTH OK  ▮  SIG ▂▄▆█  ▮  23:41:07
◢◤◢◤ ╱ PLAYLISTS ╱ ╱ SEARCH ╱ ──────────────────────────── NODE B8 // NC-GRID ──
╱─▮ SEARCH ────────────────────────────────────┐ ╱─▯ NOW PLAYING ──────────────┐
│⌕ ARTISTS, SONGS                              │ │ ▞ CATALOG FEED //… ▮ PLAYING│
│──────────────────────────────────────────────│ │                             │
│ R E C E N T                                  │ │ CHIPPIN' IN            [--] │
│ ⌕ QUEEN                                     ✕│ │ SAMURAI                     │
│ ⌕ DAFT PUNK                                 ✕│ │ NEVER FADE AWAY             │
│ ⌕ SAMURAI                                   ✕│ │                             │
│                                              │ │ ▮▮▮▮▯▯▯▯▯▯▯▯  01:23 / 03:45 │
│                                              │ │                             │
│                                              │ │ [◀◀] [❚❚] [▶▶] [↻ OFF]  [⤢] │
│                                              │ │ VOL [−] --         [+]      │
│                                              │ │               ﾔ     ﾛ   ﾈ   │
│                                              │ │   ﾜ           ﾖ ｮ           │
│                                              │ │   ﾓ           ﾝ ｱ           │
│                                              │ │   ﾊ             ｾ           │
│                                              │ │                             │
│                                              │ │                             │
│                                              │ │                             │
│                                              │ │                             │
└────────────────────────────────── RECENT 03 ─╱ └────────────── SPECTRUM SIM ─╱
◢◤◢◤ FX OFF                                                                     
[ENTER] SELECT  [↑↓] MOVE  [TAB] PLAYLISTS  [ESC] BACK  [CTRL+C] QUIT