                                   NU11SIGNAL  AUTH OK  ▮  SIG ▂▄▆█  ▮  23:41:07
◢◤◢◤ ╱ PLAYLISTS ╱ ╱ SEARCH ╱ ──────────────────────────── NODE B8 // NC-GRID ──
╱─▮ SETTINGS ──────────────────────────────────────────────────────────────────┐
│ ▞ THEMES                                                                     │
│  ◉ NIGHT CITY                                                                │
│  ○ BLUE                                                                      │
│  ○ MATRIX                                                                    │
│  ○ ROSE                                                                      │
│  ○ NEON ROSE                                                                 │
│                                                                              │
│                                                                              │
│                                                                              │
│                                                                              │
│                                                                              │
│                                                                              │
│                                                                              │
│                                                                              │
│                                                                              │
│                                                                              │
│                                                                              │
│                                                                              │
└──────────────────────────────────────────────────────────────── S/ESC CLOSE ─╱
◢◤◢◤ FX OFF                                                                     
[↑↓] MOVE  [ENTER] APPLY  [S/ESC] CLOSE  [CTRL+C] QUIT