                                   NU11SIGNAL  AUTH OK  ▮  SIG ▂▄▆█  ▮  23:41:07
◢◤◢◤ ╱ PLAYLISTS ╱ ╱ SEARCH ╱ ──────────────────────────── NODE B8 // NC-GRID ──





                                  ⢀⣦⡀
                           ⢀⣴⣿⠿⠿⣿⣶⣿⠟
                           ⣾⡿⠁ ⢀⣼⣿⣷     N U 1 1
                          ⢸⣿⡇ ⣠⣿⠟⢹⣿⡇    S I G N A L
                          ⢸⣿⣇⣴⣿⠋ ⢸⣿⡇    ⣠⡾⠋⣠⡾⠋⣠⡾⠋⣠⡾⠋⣠⡾⠋
                           ⢿⣿⡟⠁ ⢀⣾⡿
                          ⣴⣿⠿⣿⣶⣶⣿⠟⠁
                         ⠈⠻⠁

                        S H U T T I N G   D O W N . . .





◢◤◢◤ FX OFF                                                                     
