                                   NU11SIGNAL  AUTH OK  ▮  SIG ▂▄▆█  ▮  23:41:07
◢◤◢◤ ╱ PLAYLISTS ╱ ╱ SEARCH ╱ ──────────────────────────── NODE B8 // NU-GRID ──





                 ⢀⣠⡴⠶⠒⠒⠶⢦⣄⡀
                ⣴⢟⡥⠚⠉⠉⠉⠉⠓⢬⡻⣦
               ⣼⢣⠎        ⠱⡜⣧
              ⣿⣿⣼⢀        ⡀⣧⣿⣿ ⣿⣆⢿⢸⡇⢸⡇⠴⣿ ⠠⢾⡇ ⢾⣉⡉⠈⢹⡏⠁⣾⢉⣉⢸⣷⡸⡇⣾⠉⣿⢸⡇
              ⣿⣿⣿⢐⠨⠨⢐  ⡂⠅⠅⡂⣿⣿⣿ ⣿⠘⣿⠘⢧⣸⡇⣀⣿⣀⢀⣸⣇⡀⣀⣀⡿⢀⣸⣇⡀⢿⣀⣿⢸⡇⢻⡇⣿⠉⣿⠸⣇⣀⡀
              ⠿⠿⢿⠐⠨⠨⢐  ⡂⠅⠅⠂⡿⠿⠿             ⣠⡶⢂⣴⠖⣠⡶⢂⣴⠖⣠⡶⠂
                 ⠳⡄      ⢠⠞               ⠚⠋⠐⠛⠁⠚⠋⠐⠛⠁⠚⠋
                  ⠘⢆⣀⣀⣀⣀⡰⠃

                        S H U T T I N G   D O W N . . .





◢◤◢◤ FX OFF                                                                     
