◢◤ NU11SIGNAL // NIGHT CITY RADIO              AUTH OK  ▮  SIG ▂▄▆█  ▮  23:41:07
▓▒░ ╱ STATIONS ╱ ╱ SEARCH ╱ ╱ ◀ BACK ╱ ───────────────────── RDO-77 // NC-NET ──
╱─▮ SONG ──────────────────────────────────────┐ ╱─▯ NOW PLAYING ──────────────┐
│ DISCOVERY                                    │ │ NOW PLAYING        ▮ PLAYING│
│ DAFT PUNK                                    │ │                             │
│ ELECTRONIC · 2001                            │ │ CHIPPIN' IN                 │
│──────────────────────────────────────────────│ │ SAMURAI                     │
│   1  ONE MORE TIME                      5:20 │ │ NEVER FADE AWAY             │
│   2  AERODYNAMIC                        3:27 │ │                             │
│▌  3  DIGITAL LOVE                       4:58 │ │ ▮▮▮▮▯▯▯▯▯▯▯▯  01:23 / 03:45 │
│   4  HARDER, BETTER, FASTER, STRONGER   3:44 │ │ ▞ CATALOG FEED // DIRECT    │
│                                              │ │                             │
│ 7 MAR 2001                                   │ │ ╱ ◀◀ ╱ ╱ ❚❚ ╱ ╱ ▶▶ ╱ ╱ ⤢ ╱  │
│ 4 SONGS, 17 MINUTES                          │ │                             │
│ ℗ 2001 DAFT LIFE LTD.                        │ │ ▁           ▁               │
│ PARLOPHONE                                   │ │ █       ▁   █ ▄   ▁   ▄     │
│                                              │ │ █ ▂ █ ▄ █   █ █   █   █   █ │
│ Discovery is the second studio album by Daft │ │ █ █ █ █ █   █ █ ▆ █   █ █ █ │
│ Punk, a tribute to the music of their        │ │ █ █ █ █ █ ▂ █ █ █ █ ▄ █ █ █ │
│ childhood. Sampling disco, funk and soft     │ │ █ █ █ █ █ █ █ █ █ █ █ █ █ █ │
│ ▸ MORE                                       │ │ █ █ █ █ █ █ █ █ █ █ █ █ █ █ │
└────────────────────────────────── TRACKS 04 ─╱ └───────────── NC-NET 0x2077 ─╱
░▒▓ SYS NOMINAL // BUF 0x5EF6                                                   
[ENTER] PLAY/MORE  [J/K] MOVE  [SPACE] PLAY/PAUSE  [ESC] BACK  [Q] QUIT