%E K▓1░░░GN#& V0 █▒<H▒ CI<Y NL▚IO              0VT@ GK  O  LI0 ▂▄▆█  H  $3S▞▒:XF
▓▒░ ╱ █T</G█CTC ╱ ╱ %0G/@H ╱ ─────────────────────────────── RD%-P▚ // >CVNE▒ ──
╱─\ K$A$LIST1 ─────────────────────────────────┐ ╱─▯ <<W /LIYI<▓ ──────────────┐
│   $ NEW P$E@L▓1▞                             │ │ $G1 PW#YI1▒        ░ <▒▚▚ILG│
│▌\ 0>M.U  N#L▓T Z<SV&                         │ │                             │
│   0T9.%  █▒$UR$L                             │ │ IG▒█P0<& DN           ╱ X ╱ │
│   09Z▒▒  N$Q░ HEAT                           │ │ S>\UR@▒                     │
│                                              │ │ G▒▒▚# ▚@D░ A▒\Y             │
│                                              │ │                             │
│                                              │ │ ▮1@▮▮0▯>\▯▯%  01:OC X <X:S\ │
│                                              │ │ ▞ ▓M░ELX% >EEN &/ DIZYCT    │
│                                              │ │                             │
│                                              │ │ ╱ J> ╱ ╱ <❚ ╱ ╱ >\ ╱ ╱ ⤢ ╱  │
│                                              │ │ ╱ - ╱ V▚L -&          ╱ M ╱ │
│                                              │ │ ╱ / @%YF ░\▚ ╱              │
│                                              │ │ ▂                           │
│                                              │ │ █                   ▁       │
│                                              │ │ █ ▇       ▄   ▂   ▃ █       │
│                                              │ │ █ █ ▂     █   █   █ █     ▂ │
│                                              │ │ █ █ █ █ ▅ █ ▄ █ ▂ █ █ ▄ █ █ │
│                                              │ │ █ █ █ █ █ █ █ █ █ █ █ █ █ █ │
└─────────────────────────── B%ND F/ /O #I C# ─╱ └───────────── M▓▓011 0x2077 ─╱
░▒▓ J░S \O░ILHL @C BU> ▞R%A▚0                                                   
[EN▚<R/ O\B▚  [/L /<▚1  PS$ACB0 P1>1/>░U▓E  [→G 1▞>%%R  ░,Q░@ ░E▞K  [▓$ QU@T