%E K▓V░░░▞M#& V0 NIGHT 1▓<Y NL▚$J              0VT@ OK  O  SIG ▂▄▆█  H  $YS▞▒>XF
▓▒░ ╱ █T</G█C1C ╱ ╱ %0G/@O ╱ ─────────────────────────────── RDO-77 // NC-NET ──
╱─\ K$&$<I░C1 ─────────────────────────────────┐ ╱─T <</ /\I1&<▓ ──────────────┐
│   $ N0/ P$E@1▓1▞                             │ │ $G1 &W#\V1▒        ░ <▒▚▚&LZ│
│▌▶ V>M▓U  NIGHT DRIVE                         │ │                             │
│   1T$>%  █▒$@▚$L                             │ │ IG▒█P0<& DX           ╱ ♡ ╱ │
│   091.3  BODY 1EA#                           │ │ \>\>1@▒                     │
│                                              │ │ NEVER ▚@E░ N▒\/             │
│                                              │ │                             │
│                                              │ │ ▮▮▮▮▮▯▯▯▯▯▯▯  O@DOC X 03:45 │
│                                              │ │ ▞ ▓M░E0X% FEED &< /▓ZYC▚    │
│                                              │ │                             │
│                                              │ │ ╱ J> ╱ ╱ <▓ ╱ ╱ >\ ╱ ╱ # ╱  │
│                                              │ │ ╱ ▒ ╱ #▚& @&          ╱ + ╱ │
│                                              │ │ ╱ ↻ @%YF ░\▚ ╱              │
│                                              │ │ ▂                           │
│                                              │ │ █                   ▁       │
│                                              │ │ █ ▇       ▄   ▂   ▃ █       │
│                                              │ │ █ █ ▂     █   █   █ █     ▂ │
│                                              │ │ █ █ █ █ ▅ █ ▄ █ ▂ █ █ ▄ █ █ │
│                                              │ │ █ █ █ █ █ █ █ █ █ █ █ █ █ █ │
└─────────────────────────── %%</ ▒/ // #I 0# ─╱ └───────────── M▓▓011 /I0&Y1 ─╱
░▒▓ J░▚ \▓░YLH< @C E░> ▞R%A▚0                                                   
[ENTER] 1\B▚  ▚▒L /<▚1  P0$>&B0 PLAY/PAUSE  W▞G 1▞>%%▚  ░/Q░@ SEEK  K▓$ ▚$@$