V% FU11SIGNHL W/ #GGH# CI▞Y R<DIO              OO<H OK  ▮  ZI▚ ▂▄▆█  $  @3H<▒:2S
▓▒░ ╱ ░TJY0▞░TS ╱ ╱ SE#REH ╱ ─────────────────────────────── RDU-71 /▓ KCQNET ──
╱─▮ PLAYLISTK ─────────────────────────────────┐ ╱─▯ NOW $L▞YIN▒ ──────────────┐
│   + NEW /<▒YLIS<                             │ │ ░UW PLAYI▞G        A %ZA@I0G│
│▌% 0\8.1  NIT░T JR█VQ                         │ │                             │
│   0Q9.P  >W@UR1R                             │ │ C0IPP>NA IN           ╱ D ╱ │
│   09101  %$>Y HE/T                           │ │ SACUR▒<                     │
│                                              │ │ PEM1R FAD▞ AW░Y             │
│                                              │ │                             │
│                                              │ │ ▮▮F▮▮#▯▯$▯▯▯  01:41 / ▚R:W▒ │
│                                              │ │ ▞ CDA#LOG FEE1 // DI█▒CT    │
│                                              │ │                             │
│                                              │ │ ╱ @X ╱ ╱ 0❚ ╱ ╱ M▶ ╱ ╱ ⤢ ╱  │
│                                              │ │ ╱ - ╱ VOL -▞          ╱ ▒ ╱ │
│                                              │ │ ╱ \ L>PP $FJ ╱              │
│                                              │ │ ▂                           │
│                                              │ │ █                   ▁       │
│                                              │ │ █ ▇       ▄   ▂   ▃ █       │
│                                              │ │ █ █ ▂     █   █   █ █     ▂ │
│                                              │ │ █ █ █ █ ▅ █ ▄ █ ▂ █ █ ▄ █ █ │
│                                              │ │ █ █ █ █ █ █ █ █ █ █ █ █ █ █ │
└─────────────────────────── BOND FM /1 03 CH ─╱ └───────────── <O█NT█ 0x2077 ─╱
░▒▓ SYS NOUIPJL U/ BUF ▞▓5%FD                                                   
[EN$ER] OP/M  [/& SC0N  ▓S▚ACN$ PH%0/▚█U&E  [→] ▞/▞▞0R  M,█.] #EEK  [Q▒ QUIT