◢◤ SOUL KING // NIGHT CITY RADIO               AUTH OK  ▮  SIG ▂▄▆█  ▮  23:41:07
▓▒░───────────────────────────────────────────────────────── RDO-77 // NC-NET ──
╱─▮ STATIONS ──────────────────┐ ╱─▮ NOW PLAYING ──────────────────────────────┐
│▌▶ 088.1  NIGHT DRIVE         │ │ N O W   P L A Y I N G              ▮ PLAYING│
│   089.7  SAMURAI             │ │                                             │
│   091.3  BODY HEAT           │ │ CHIPPIN' IN                                 │
│                              │ │ SAMURAI                                     │
│                              │ │ NEVER FADE AWAY                             │
│                              │ │                                             │
│                              │ │ ▮▮▮▮▮▮▮▮▮▮▯▯▯▯▯▯▯▯▯▯▯▯▯▯▯▯▯▯  01:23 / 03:45 │
│                              │ │ ▞ CATALOG FEED // DIRECT                    │
│                              │ │                                             │
│                              │ │                                             │
│                              │ │                                             │
│                              │ │ █           ▇ ▁       ▂                     │
│                              │ │ █   ▅   ▆   █ █   ▆   █   ▅ ▇   ▁         ▂ │
│                              │ │ █ ▆ █ █ █   █ █ ▂ █   █ ▄ █ █ ▁ █   ▆   ▅ █ │
│                              │ │ █ █ █ █ █   █ █ █ █   █ █ █ █ █ █ ▅ █   █ █ │
│                              │ │ █ █ █ █ █ ▄ █ █ █ █ ▆ █ █ █ █ █ █ █ █   █ █ │
│                              │ │ █ █ █ █ █ █ █ █ █ █ █ █ █ █ █ █ █ █ █ ▅ █ █ │
│                              │ │ █ █ █ █ █ █ █ █ █ █ █ █ █ █ █ █ █ █ █ █ █ █ │
└─────────── BAND FM // 03 CH ─╱ └───────────────────────────── NC-NET 0x2077 ─╱
░▒▓ SYS NOMINAL // BUF 0x5EF6                                                   
[SPACE] PLAY/PAUSE  [N/P] NEXT/PREV  [←→] SEEK  [/] SCAN  [ENTER] TUNE  [Q] QUIT