                                   NU11SIGNAL  AUTH OK  ▮  SIG ▂▄▆█  ▮  23:41:07
◢◤◢◤ ╱ PLAYLISTS ╱ ╱ SEARCH ╱ ──────────────────────────── NODE B8 // NU-GRID ──
╱─▮ PLAYLISTS ─────────────────────────────────┐ ╱─▯ NOW PLAYING ──────────────┐
│   + NEW PLAYLIST                             │ │ ▞ CATALOG FEED //… ▮ PLAYING│
│▌▶ 088.1  NIGHT DRIVE                         │ │                             │
│   089.7  FUSEWAY                             │ │ HOLLOW WIRE            [--] │
│   091.3  BODY HEAT                           │ │ FUSEWAY                     │
│                                              │ │ LONG WIRE HYMNS             │
│                                              │ │                             │
│                                              │ │ ▮▮▮▮▯▯▯▯▯▯▯▯  01:23 / 03:45 │
│                                              │ │                             │
│                                              │ │ [◀◀] [❚❚] [▶▶] [↻ OFF]  [⤢] │
│                                              │ │ VOL [−] --         [+]      │
│                                              │ │               ﾔ     ﾛ   ﾈ   │
│                                              │ │   ﾜ           ﾖ ｮ           │
│                                              │ │   ﾓ           ﾝ ｱ           │
│                                              │ │   ﾊ             ｾ           │
│                                              │ │                             │
│                                              │ │                             │
│                                              │ │                             │
│                                              │ │                             │
└─────────────────────────── BAND FM // 03 CH ─╱ └────────────── SPECTRUM SIM ─╱
◢◤◢◤ FX OFF                                                                     
[ENTER] OPEN  [/] SCAN  [SPACE] PLAY  [→] PLAYER  [,/.] SEEK  [?] KEYS  [Q] QUIT