◢◤ NU11SIGNAL // NIGHT CITY RADIO              AUTH OK  ▮  SIG ▂▄▆█  ▮  23:41:08
▓▒░ ╱ PLAYLISTS ╱ ╱ SEARCH ╱ ─────────────────────────────── RDO-77 // NC-NET ──
╱─▮ PLAYLISTS ─────────────────────────────────┐ ╱─▯ NOW PLAYING ──────────────┐
│   + NEW PLAYLIST                             │ │ NOW PLAYING        ▮ PLAYING│
│ NO PLAYLISTS // LIBRARY EMPTY                │ │                             │
│                                              │ │ CHIPPIN' IN           ╱ ♡ ╱ │
│                                              │ │ SAMURAI                     │
│                                              │ │ NEVER FADE AWAY             │
│                                              │ │                             │
│                                              │ │ ▮▮▮▮▮▯▯▯▯▯▯▯  01:24 / 03:45 │
│                                              │ │ ▞ CATALOG FEED // DIRECT    │
│                                              │ │                             │
│                                              │ │ ╱ ◀◀ ╱ ╱ ❚❚ ╱ ╱ ▶▶ ╱ ╱ ⤢ ╱  │
│                                              │ │ ╱ - ╱ VOL --          ╱ + ╱ │
│                                              │ │ ╱ ↻ LOOP OFF ╱              │
│                                              │ │ 5 ﾂ ﾐ 2             ｧ   ﾇ ｷ │
│                                              │ │   ﾊ   5 1         ﾈ ｪ   ｴ ﾁ │
│                                              │ │         ﾇ ｿ       ｧ     ﾖ   │
│                                              │ │         F ﾓ ﾜ     ｯ         │
│                                              │ │         4 ｼ ｲ ｻ ﾘ ﾌ         │
│                                              │ │         ｩ 2 6 ﾔ ﾂ ﾉ         │
└─────────────────────────── BAND FM // 00 CH ─╱ └───────────── NC-NET 0x2077 ─╱
░▒▓ SYS NOMINAL // BUF 0x5EF6                                                   
[ENTER] OPEN  [/] SCAN  [SPACE] PLAY/PAUSE  [→] PLAYER  [,/.] SEEK  [Q] QUIT