◢◤ NU11SIGNAL // NIGHT CITY RADIO              AUTH OK  ▮  SIG ▂▄▆█  ▮  23:41:08
▓▒░ ╱ PLAYLISTS ╱ ╱ SEARCH ╱ ─────────────────────────────── RDO-77 // NC-NET ──
╱─▮ PLAYLISTS ─────────────────────────────────┐ ╱─▯ NOW PLAYING ──────────────┐
│   + NEW PLAYLIST                             │ │ NOW PLAYING        ▮ PLAYING│
│ NO PLAYLISTS // LIBRARY EMPTY                │ │                             │
│                                              │ │ CHIPPIN' IN           ╱ ♡ ╱ │
│                                              │ │ SAMURAI                     │
│                                              │ │ NEVER FADE AWAY             │
│                                              │ │                             │
│                                              │ │ ▮▮▮▮▮▯▯▯▯▯▯▯  01:24 / 03:45 │
│                                              │ │ ▞ CATALOG FEED // DIRECT    │
│                                              │ │                             │
│                                              │ │ ╱ ◀◀ ╱ ╱ ❚❚ ╱ ╱ ▶▶ ╱ ╱ ⤢ ╱  │
│                                              │ │ ╱ - ╱ VOL --          ╱ + ╱ │
│                                              │ │ ╱ ↻ LOOP OFF ╱              │
│                                              │ │ 5 ｼ ﾐ 2     8 9         ﾇ ｷ │
│                                              │ │   ｫ   5     ﾊ ﾕ     8   ｴ ﾁ │
│                                              │ │   ﾓ     ﾇ   ｫ ﾂ     ﾓ   ﾖ   │
│                                              │ │         F ﾓ   A             │
│                                              │ │         4 ｼ ｲ ﾛ       ｹ     │
│                                              │ │         ｪ ｱ 6 ｺ       ﾆ     │
└─────────────────────────── BAND FM // 00 CH ─╱ └───────────── NC-NET 0x2077 ─╱
░▒▓ SYS NOMINAL // BUF 0x5EF6                                                   
[ENTER] OPEN  [/] SCAN  [SPACE] PLAY/PAUSE  [→] PLAYER  [,/.] SEEK  [Q] QUIT